// Jest Snapshot v1, https://goo.gl/fbAQLP

exports[`Shpuld render ExpenseListItem correctly 1`] = `
ShallowWrapper {
  "length": 1,
  Symbol(enzyme.__root__): [Circular],
  Symbol(enzyme.__unrendered__): <ExpenseListItem
    amount={195}
    createdAt={0}
    description="Gum"
    id="1"
    note=""
/>,
  Symbol(enzyme.__renderer__): Object {
    "batchedUpdates": [Function],
    "getNode": [Function],
    "render": [Function],
    "simulateEvent": [Function],
    "unmount": [Function],
  },
  Symbol(enzyme.__node__): Object {
    "instance": null,
    "key": null,
    "nodeType": "host",
    "props": Object {
      "children": <table
        className="table table-striped"
>
        <tbody>
                <tr>
                        <td>
                                <Link
                                        replace={false}
                                        to="/edit/1"
                                >
                                        Gum
                                </Link>
                        </td>
                        <td>
                                195
                        </td>
                        <td />
                </tr>
        </tbody>
</table>,
      "className": "container",
    },
    "ref": null,
    "rendered": Object {
      "instance": null,
      "key": null,
      "nodeType": "host",
      "props": Object {
        "children": <tbody>
          <tr>
                    <td>
                              <Link
                                        replace={false}
                                        to="/edit/1"
                              >
                                        Gum
                              </Link>
                    </td>
                    <td>
                              195
                    </td>
                    <td />
          </tr>
</tbody>,
        "className": "table table-striped",
      },
      "ref": null,
      "rendered": Object {
        "instance": null,
        "key": null,
        "nodeType": "host",
        "props": Object {
          "children": <tr>
            <td>
                        <Link
                                    replace={false}
                                    to="/edit/1"
                        >
                                    Gum
                        </Link>
            </td>
            <td>
                        195
            </td>
            <td />
</tr>,
        },
        "ref": null,
        "rendered": Object {
          "instance": null,
          "key": null,
          "nodeType": "host",
          "props": Object {
            "children": Array [
              <td>
                <Link
                                replace={false}
                                to="/edit/1"
                >
                                Gum
                </Link>
</td>,
              <td>
                195
</td>,
              <td />,
            ],
          },
          "ref": null,
          "rendered": Array [
            Object {
              "instance": null,
              "key": null,
              "nodeType": "host",
              "props": Object {
                "children": <Link
                  replace={false}
                  to="/edit/1"
>
                  Gum
</Link>,
              },
              "ref": null,
              "rendered": Object {
                "instance": null,
                "key": null,
                "nodeType": "class",
                "props": Object {
                  "children": "Gum",
                  "replace": false,
                  "to": "/edit/1",
                },
                "ref": null,
                "rendered": "Gum",
                "type": [Function],
              },
              "type": "td",
            },
            Object {
              "instance": null,
              "key": null,
              "nodeType": "host",
              "props": Object {
                "children": 195,
              },
              "ref": null,
              "rendered": 195,
              "type": "td",
            },
            Object {
              "instance": null,
              "key": null,
              "nodeType": "host",
              "props": Object {
                "children": 0,
              },
              "ref": null,
              "rendered": 0,
              "type": "td",
            },
          ],
          "type": "tr",
        },
        "type": "tbody",
      },
      "type": "table",
    },
    "type": "div",
  },
  Symbol(enzyme.__nodes__): Array [
    Object {
      "instance": null,
      "key": null,
      "nodeType": "host",
      "props": Object {
        "children": <table
          className="table table-striped"
>
          <tbody>
                    <tr>
                              <td>
                                        <Link
                                                  replace={false}
                                                  to="/edit/1"
                                        >
                                                  Gum
                                        </Link>
                              </td>
                              <td>
                                        195
                              </td>
                              <td />
                    </tr>
          </tbody>
</table>,
        "className": "container",
      },
      "ref": null,
      "rendered": Object {
        "instance": null,
        "key": null,
        "nodeType": "host",
        "props": Object {
          "children": <tbody>
            <tr>
                        <td>
                                    <Link
                                                replace={false}
                                                to="/edit/1"
                                    >
                                                Gum
                                    </Link>
                        </td>
                        <td>
                                    195
                        </td>
                        <td />
            </tr>
</tbody>,
          "className": "table table-striped",
        },
        "ref": null,
        "rendered": Object {
          "instance": null,
          "key": null,
          "nodeType": "host",
          "props": Object {
            "children": <tr>
              <td>
                            <Link
                                          replace={false}
                                          to="/edit/1"
                            >
                                          Gum
                            </Link>
              </td>
              <td>
                            195
              </td>
              <td />
</tr>,
          },
          "ref": null,
          "rendered": Object {
            "instance": null,
            "key": null,
            "nodeType": "host",
            "props": Object {
              "children": Array [
                <td>
                  <Link
                                    replace={false}
                                    to="/edit/1"
                  >
                                    Gum
                  </Link>
</td>,
                <td>
                  195
</td>,
                <td />,
              ],
            },
            "ref": null,
            "rendered": Array [
              Object {
                "instance": null,
                "key": null,
                "nodeType": "host",
                "props": Object {
                  "children": <Link
                    replace={false}
                    to="/edit/1"
>
                    Gum
</Link>,
                },
                "ref": null,
                "rendered": Object {
                  "instance": null,
                  "key": null,
                  "nodeType": "class",
                  "props": Object {
                    "children": "Gum",
                    "replace": false,
                    "to": "/edit/1",
                  },
                  "ref": null,
                  "rendered": "Gum",
                  "type": [Function],
                },
                "type": "td",
              },
              Object {
                "instance": null,
                "key": null,
                "nodeType": "host",
                "props": Object {
                  "children": 195,
                },
                "ref": null,
                "rendered": 195,
                "type": "td",
              },
              Object {
                "instance": null,
                "key": null,
                "nodeType": "host",
                "props": Object {
                  "children": 0,
                },
                "ref": null,
                "rendered": 0,
                "type": "td",
              },
            ],
            "type": "tr",
          },
          "type": "tbody",
        },
        "type": "table",
      },
      "type": "div",
    },
  ],
  Symbol(enzyme.__options__): Object {
    "adapter": ReactSixteenAdapter {
      "options": Object {
        "enableComponentDidUpdateOnSetState": true,
      },
    },
  },
}
`;
